backtest_log.csv
Date,Type,Name,Price,Qty,Profit,Reason
2024-01-23,Buy,인버스2X,2553.3946156257957,783,0.0,"스마트_돌파(k=0.47,Vol_OK)"
2024-03-07,Buy,인버스2X,2244.277378461,889,0.0,"스마트_돌파(k=0.63,Vol_OK)"
2024-03-19,Buy,인버스2X,2220.6553200965704,897,0.0,"스마트_돌파(k=0.62,Vol_OK)"
2024-04-15,Buy,인버스2X,2146.2062666919405,973,0.0,"스마트_돌파(k=0.53,Vol_OK)"
2024-05-24,Buy,인버스2X,2096.548516613642,997,0.0,"스마트_돌파(k=0.58,Vol_OK)"
2024-05-29,Buy,인버스2X,2077.822580431831,990,0.0,"스마트_돌파(k=0.55,Vol_OK)"
2024-07-22,Buy,인버스2X,1923.817702004674,1024,0.0,"스마트_돌파(k=0.53,Vol_OK)"
2024-09-02,Buy,인버스2X,2088.1895136751887,934,0.0,"스마트_돌파(k=0.65,Vol_OK)"
2024-09-11,Buy,인버스2X,2400.6455739209987,816,0.0,"스마트_돌파(k=0.64,Vol_OK)"
2024-09-30,Buy,인버스2X,2175.8111558180635,861,0.0,"스마트_돌파(k=0.57,Vol_OK)"
2024-10-18,Buy,인버스2X,2226.7075647979796,829,0.0,"스마트_돌파(k=0.57,Vol_OK)"
2024-11-27,Buy,인버스2X,2412.931377732577,734,0.0,"스마트_돌파(k=0.55,Vol_OK)"
2024-12-17,Buy,인버스2X,2482.5017822735235,690,0.0,"스마트_돌파(k=0.50,Vol_OK)"
2024-12-20,Buy,인버스2X,2618.358743287816,645,0.0,"스마트_돌파(k=0.48,Vol_OK)"
2025-02-03,Buy,인버스2X,2513.979235908934,744,0.0,"스마트_돌파(k=0.63,Vol_OK)"
2025-02-07,Buy,인버스2X,2367.837873711814,776,0.0,"스마트_돌파(k=0.66,Vol_OK)"
2025-02-28,Buy,인버스2X,2295.2382761142367,777,0.0,"스마트_돌파(k=0.56,Vol_OK)"
2025-03-28,Buy,인버스2X,2157.6537830356983,816,0.0,"스마트_돌파(k=0.51,Vol_OK)"
2025-08-01,Buy,인버스2X,1346.10670288971,1571,0.0,"스마트_돌파(k=0.49,Vol_OK)"
2025-08-18,Buy,인버스2X,1304.019530704236,1641,0.0,"스마트_돌파(k=0.53,Vol_OK)"
2025-09-01,Buy,인버스2X,1355.9934565769852,1529,0.0,"스마트_돌파(k=0.59,Vol_OK)"
2025-11-18,Buy,인버스2X,741.2786572459162,3303,0.0,"스마트_돌파(k=0.50,Vol_OK)"
2025-12-16,Buy,인버스2X,711.5376170086626,3304,0.0,"스마트_돌파(k=0.49,Vol_OK)"
2024-01-29,Buy,레버리지,16588.31939247734,119,0.0,"스마트_돌파(k=0.51,Vol_OK)"
2024-02-01,Buy,레버리지,16615.488202638142,118,0.0,"스마트_돌파(k=0.51,Vol_OK)"
2024-04-30,Buy,레버리지,19240.899235773213,109,0.0,"스마트_돌파(k=0.52,Vol_OK)"
2024-06-07,Buy,레버리지,19674.036963266164,103,0.0,"스마트_돌파(k=0.52,Vol_OK)"
2024-08-16,Buy,레버리지,18975.815927120006,106,0.0,"스마트_돌파(k=0.56,Vol_OK)"
2024-08-29,Buy,레버리지,18140.418713806695,106,0.0,"스마트_돌파(k=0.54,Vol_OK)"
2024-09-26,Buy,레버리지,17276.805726365303,111,0.0,"스마트_돌파(k=0.54,Vol_OK)"
2024-10-07,Buy,레버리지,16678.374906328583,113,0.0,"스마트_돌파(k=0.49,Vol_OK)"
2024-10-23,Buy,레버리지,16563.3501522946,110,0.0,"스마트_돌파(k=0.52,Vol_OK)"
2024-10-25,Buy,레버리지,16598.459016205,109,0.0,"스마트_돌파(k=0.53,Vol_OK)"
2024-11-25,Buy,레버리지,15622.08435899309,114,0.0,"스마트_돌파(k=0.51,Vol_OK)"
2024-12-03,Buy,레버리지,14918.253582118214,116,0.0,"스마트_돌파(k=0.48,Vol_OK)"
2024-12-12,Buy,레버리지,14739.870258526757,117,0.0,"스마트_돌파(k=0.48,Vol_OK)"
2024-12-18,Buy,레버리지,14733.412815771411,116,0.0,"스마트_돌파(k=0.44,Vol_OK)"
2025-01-03,Buy,레버리지,14228.588527143502,127,0.0,"스마트_돌파(k=0.48,Vol_OK)"
2025-02-04,Buy,레버리지,14938.593038041796,124,0.0,"스마트_돌파(k=0.62,Vol_OK)"
2025-02-25,Buy,레버리지,16346.507931324739,114,0.0,"스마트_돌파(k=0.54,Vol_OK)"
2025-03-17,Buy,레버리지,16285.341705842126,108,0.0,"스마트_돌파(k=0.45,Vol_OK)"
2025-04-29,Buy,레버리지,15692.6182285509,120,0.0,"스마트_돌파(k=0.56,Vol_OK)"
2025-05-12,Buy,레버리지,16250.169723373876,115,0.0,"스마트_돌파(k=0.65,Vol_OK)"
2025-05-14,Buy,레버리지,16885.307379957896,112,0.0,"스마트_돌파(k=0.68,Vol_OK)"
2025-05-21,Buy,레버리지,16646.226,115,0.0,"스마트_돌파(k=0.70,Vol_OK)"
2025-06-16,Buy,레버리지,20878.495183391533,93,0.0,"스마트_돌파(k=0.49,Vol_OK)"
2025-06-20,Buy,레버리지,22012.59162939328,89,0.0,"스마트_돌파(k=0.49,Vol_OK)"
2025-06-24,Buy,레버리지,23165.18294419183,85,0.0,"스마트_돌파(k=0.48,Vol_OK)"
2025-07-01,Buy,레버리지,23916.471467923035,82,0.0,"스마트_돌파(k=0.59,Vol_OK)"
2025-08-05,Buy,레버리지,25131.91618192728,86,0.0,"스마트_돌파(k=0.51,Vol_OK)"
2025-08-28,Buy,레버리지,25088.417789668845,83,0.0,"스마트_돌파(k=0.56,Vol_OK)"
2025-09-03,Buy,레버리지,24732.328872897553,84,0.0,"스마트_돌파(k=0.54,Vol_OK)"
2025-09-22,Buy,레버리지,30516.751338291804,72,0.0,"스마트_돌파(k=0.45,Vol_OK)"
2025-10-01,Buy,레버리지,30497.84586762569,70,0.0,"스마트_돌파(k=0.48,Vol_OK)"
2025-11-03,Buy,레버리지,46159.30852189603,55,0.0,"스마트_돌파(k=0.49,Vol_OK)"
2025-11-20,Buy,레버리지,43092.48291444654,56,0.0,"스마트_돌파(k=0.50,Vol_OK)"
2025-11-27,Buy,레버리지,42347.21356734535,56,0.0,"스마트_돌파(k=0.50,Vol_OK)"
2025-12-02,Buy,레버리지,41328.26887897031,56,0.0,"스마트_돌파(k=0.51,Vol_OK)"
2025-12-17,Buy,레버리지,42386.31475087389,54,0.0,"스마트_돌파(k=0.48,Vol_OK)"
2024-01-31,Sell,레버리지,16272.39,119,-1.9045292353160999,추세이탈(SMA20)_매도
2024-04-12,Sell,레버리지,19306.31,118,16.194659853176155,추세이탈(SMA20)_매도
2024-05-24,Sell,레버리지,19026.87,109,-1.1123660757771916,추세이탈(SMA20)_매도
2024-07-19,Sell,레버리지,20823.27,103,5.841368697637375,추세이탈(SMA20)_매도
2024-08-19,Sell,레버리지,18482.96,106,-2.597284506831787,추세이탈(SMA20)_매도
2024-09-03,Sell,레버리지,17829.27,106,-1.7152234395222603,추세이탈(SMA20)_매도
2024-09-30,Sell,레버리지,16541.85,111,-4.25400237755596,추세이탈(SMA20)_매도
2024-10-22,Sell,레버리지,16152.63,113,-3.1522549965529967,추세이탈(SMA20)_매도
2024-10-24,Sell,레버리지,16277.38,110,-1.7265236178985381,추세이탈(SMA20)_매도
2024-10-31,Sell,레버리지,15938.06,109,-3.978676668480229,추세이탈(SMA20)_매도
2024-11-29,Sell,레버리지,14525.89,114,-7.016953268224094,추세이탈(SMA20)_매도
2024-12-04,Sell,레버리지,14590.76,116,-2.1952541583739005,추세이탈(SMA20)_매도
2024-12-17,Sell,레버리지,14421.1,117,-2.1626395140238985,추세이탈(SMA20)_매도
2024-12-19,Sell,레버리지,14156.63,116,-3.9147943723805376,추세이탈(SMA20)_매도
2025-02-03,Sell,레버리지,14246.45,127,0.12553228890149637,추세이탈(SMA20)_매도
2025-02-21,Sell,레버리지,16726.48,124,11.968241971685483,RSI초과열(85)_익절
2025-02-28,Sell,레버리지,15264.41,114,-6.61974983201837,추세이탈(SMA20)_매도
2025-03-31,Sell,레버리지,15264.41,108,-6.269022316405443,추세이탈(SMA20)_매도
2025-05-09,Sell,레버리지,15768.4,120,0.4829134969410214,RSI초과열(85)_익절
2025-05-13,Sell,레버리지,16287.36,115,0.22886085043549398,RSI초과열(85)_익절
2025-05-15,Sell,레버리지,16506.92,112,-2.240926809582553,RSI초과열(85)_익절
2025-06-13,Sell,레버리지,20149.62,95,21.04617587193638,RSI초과열(85)_익절
2025-06-18,Sell,레버리지,21372.17,93,2.364513401335431,RSI초과열(85)_익절
2025-06-23,Sell,레버리지,21965.98,89,-0.21174984835060912,RSI초과열(85)_익절
2025-06-25,Sell,레버리지,23582.74,85,1.8025200008742612,RSI초과열(85)_익절
2025-08-01,Sell,레버리지,23587.73,82,-1.374540004214024,추세이탈(SMA20)_매도
2025-08-18,Sell,레버리지,24610.68,86,-2.074000956210849,추세이탈(SMA20)_매도
2025-09-01,Sell,레버리지,23902.1,83,-4.728547649415182,추세이탈(SMA20)_매도
2025-09-19,Sell,레버리지,29790.3,84,20.450848575950832,RSI초과열(85)_익절
2025-09-23,Sell,레버리지,30858.16,72,1.1187582122471962,RSI초과열(85)_익절
2025-10-31,Sell,레버리지,44445.93,58,45.73465349951352,RSI초과열(85)_익절
2025-11-14,Sell,레버리지,41631.57,55,-9.808939229989255,추세이탈(SMA20)_매도
2025-11-21,Sell,레버리지,38153.54,56,-11.461263265456406,추세이탈(SMA20)_매도
2025-11-28,Sell,레버리지,40144.55,56,-5.201436840330529,추세이탈(SMA20)_매도
2025-12-16,Sell,레버리지,40997.84,56,-0.7995226703977683,추세이탈(SMA20)_매도
2024-02-01,Sell,인버스2X,2425.14,783,-5.022906167379174,추세이탈(SMA20)_매도
2024-03-08,Sell,인버스2X,2150.69,889,-4.170045082625965,추세이탈(SMA20)_매도
2024-03-20,Sell,인버스2X,2125.74,897,-4.274203170460648,추세이탈(SMA20)_매도
2024-05-07,Sell,인버스2X,2000.99,973,-6.766184077720075,추세이탈(SMA20)_매도
2024-05-27,Sell,인버스2X,2020.95,997,-3.6058558156216183,추세이탈(SMA20)_매도
2024-06-07,Sell,인버스2X,2015.96,990,-2.9772792448416836,추세이탈(SMA20)_매도
2024-08-16,Sell,인버스2X,1977.038,842,2.7663898684303074,추세이탈(SMA20)_매도
2024-09-09,Sell,인버스2X,2305.38,934,10.400899195330158,RSI초과열(85)_익절
2024-09-26,Sell,인버스2X,2100.79,816,-12.490622405007565,추세이탈(SMA20)_매도
2024-10-07,Sell,인버스2X,2205.58,861,1.368172237849561,추세이탈(SMA20)_매도
2024-11-25,Sell,인버스2X,2335.32,829,4.877714385089206,추세이탈(SMA20)_매도
2024-12-12,Sell,인버스2X,2440.11,734,1.126373610051142,추세이탈(SMA20)_매도
2024-12-18,Sell,인버스2X,2420.15,690,-2.511651057765625,추세이탈(SMA20)_매도
2025-01-03,Sell,인버스2X,2485.02,645,-5.092455097286846,추세이탈(SMA20)_매도
2025-02-06,Sell,인버스2X,2320.35,744,-7.702101638040255,추세이탈(SMA20)_매도
2025-02-11,Sell,인버스2X,2310.37,776,-2.4270189420413244,추세이탈(SMA20)_매도
2025-03-17,Sell,인버스2X,2140.71,777,-6.732559217156658,추세이탈(SMA20)_매도
2025-04-21,Sell,인버스2X,2290.41,816,6.152804403008575,추세이탈(SMA20)_매도
2025-08-08,Sell,인버스2X,1290.414,1571,-4.137317106448812,추세이탈(SMA20)_매도
2025-08-28,Sell,인버스2X,1293.408,1641,-0.813755503991987,추세이탈(SMA20)_매도
2025-09-05,Sell,인버스2X,1286.422,1529,-5.13066314881847,추세이탈(SMA20)_매도
2025-12-02,Sell,인버스2X,716.564,3303,-3.3340575779881423,추세이탈(SMA20)_매도
2025-12-17,Sell,인버스2X,691.614,3304,-2.8000792273530575,추세이탈(SMA20)_매도
2024-02-06,Buy,한중엔시에스,24244.06494892895,82,0.0,"스마트_돌파(k=0.63,Vol_OK)"
2024-02-22,Buy,한중엔시에스,25741.367923615588,77,0.0,"스마트_돌파(k=0.69,Vol_OK)"
2024-02-26,Buy,한중엔시에스,29910.076104288397,66,0.0,"스마트_돌파(k=0.69,Vol_OK)"
2024-03-05,Buy,한중엔시에스,30981.84,64,0.0,"스마트_돌파(k=0.70,Vol_OK)"
2024-03-11,Buy,한중엔시에스,29791.23772561238,66,0.0,"스마트_돌파(k=0.67,Vol_OK)"
2024-05-23,Buy,한중엔시에스,38235.78445107951,53,0.0,"스마트_돌파(k=0.53,Vol_OK)"
2024-06-07,Buy,한중엔시에스,47724.6181883798,42,0.0,"스마트_돌파(k=0.63,Vol_OK)"
2024-07-10,Buy,한중엔시에스,54091.6668279914,38,0.0,"스마트_돌파(k=0.54,Vol_OK)"
2024-07-23,Buy,한중엔시에스,40674.39788206188,48,0.0,"스마트_돌파(k=0.50,Vol_OK)"
2024-08-07,Buy,한중엔시에스,43026.6514192258,47,0.0,"스마트_돌파(k=0.56,Vol_OK)"
2024-08-29,Buy,한중엔시에스,43413.74944591317,44,0.0,"스마트_돌파(k=0.49,Vol_OK)"
2024-09-05,Buy,한중엔시에스,44827.49084777481,43,0.0,"스마트_돌파(k=0.46,Vol_OK)"
2024-09-10,Buy,한중엔시에스,44950.33992881027,43,0.0,"스마트_돌파(k=0.54,Vol_OK)"
2024-12-16,Buy,한중엔시에스,22521.76343369743,76,0.0,"스마트_돌파(k=0.50,Vol_OK)"
2025-02-12,Buy,한중엔시에스,28619.422305943095,63,0.0,"스마트_돌파(k=0.58,Vol_OK)"
2025-02-19,Buy,한중엔시에스,29593.802626953995,64,0.0,"스마트_돌파(k=0.56,Vol_OK)"
2025-02-27,Buy,한중엔시에스,27235.664992173486,67,0.0,"스마트_돌파(k=0.54,Vol_OK)"
2025-04-03,Buy,한중엔시에스,22702.8999711152,79,0.0,"스마트_돌파(k=0.57,Vol_OK)"
2025-04-10,Buy,한중엔시에스,23071.421432402603,79,0.0,"스마트_돌파(k=0.57,Vol_OK)"
2025-05-15,Buy,한중엔시에스,26998.087772647214,70,0.0,"스마트_돌파(k=0.55,Vol_OK)"
2025-05-27,Buy,한중엔시에스,27207.45578969066,68,0.0,"스마트_돌파(k=0.53,Vol_OK)"
2025-06-30,Buy,한중엔시에스,25714.07565858115,77,0.0,"스마트_돌파(k=0.54,Vol_OK)"
2025-07-02,Buy,한중엔시에스,25664.583090590106,76,0.0,"스마트_돌파(k=0.51,Vol_OK)"
2025-07-09,Buy,한중엔시에스,25337.390739920706,75,0.0,"스마트_돌파(k=0.49,Vol_OK)"
2025-09-10,Buy,한중엔시에스,35292.46402391514,59,0.0,"스마트_돌파(k=0.62,Vol_OK)"
2025-10-14,Buy,한중엔시에스,36863.42493110839,59,0.0,"스마트_돌파(k=0.50,Vol_OK)"
2025-12-05,Buy,한중엔시에스,51948.88127487267,46,0.0,"스마트_돌파(k=0.55,Vol_OK)"
2025-12-18,Buy,한중엔시에스,48296.92261716073,48,0.0,"스마트_돌파(k=0.54,Vol_OK)"
2024-02-13,Sell,한중엔시에스,23453.0,82,-3.2629220825606535,RSI초과열(85)_익절
2024-02-23,Sell,한중엔시에스,26896.1,77,4.485900204724704,RSI초과열(85)_익절
2024-02-27,Sell,한중엔시에스,30339.2,66,1.4347134865700915,RSI초과열(85)_익절
2024-03-06,Sell,한중엔시에스,29940.0,64,-3.3627441107435847,RSI초과열(85)_익절
2024-04-12,Sell,한중엔시에스,38073.7,55,27.801672259044636,RSI초과열(85)_익절
2024-05-28,Sell,한중엔시에스,40618.6,53,6.231899209415104,RSI초과열(85)_익절
2024-06-11,Sell,한중엔시에스,48852.1,42,2.362474241637254,RSI초과열(85)_익절
2024-07-16,Sell,한중엔시에스,40019.8,38,-26.01485155327008,추세이탈(SMA20)_매도
2024-08-02,Sell,한중엔시에스,41167.5,48,1.2123157160627254,추세이탈(SMA20)_매도
2024-08-19,Sell,한중엔시에스,43263.3,47,0.5500046435602091,추세이탈(SMA20)_매도
2024-09-03,Sell,한중엔시에스,42814.2,44,-1.3810128209730406,추세이탈(SMA20)_매도
2024-09-09,Sell,한중엔시에스,43263.3,43,-3.4893562369718323,추세이탈(SMA20)_매도
2024-10-16,Sell,한중엔시에스,45409.0,43,1.0203706399465113,추세이탈(SMA20)_매도
2025-01-31,Sell,한중엔시에스,27794.3,63,23.41085138303919,추세이탈(SMA20)_매도
2025-02-13,Sell,한중엔시에스,27145.6,63,-5.149727657630054,추세이탈(SMA20)_매도
2025-02-21,Sell,한중엔시에스,27095.7,64,-8.441303263537772,추세이탈(SMA20)_매도
2025-02-28,Sell,한중엔시에스,24800.3,67,-8.941823131079486,추세이탈(SMA20)_매도
2025-04-07,Sell,한중엔시에스,21007.9,79,-7.466006427688704,추세이탈(SMA20)_매도
2025-05-13,Sell,한중엔시에스,24999.9,79,8.358733220004169,추세이탈(SMA20)_매도
2025-05-23,Sell,한중엔시에스,25948.0,70,-3.889489438993147,추세이탈(SMA20)_매도
2025-05-28,Sell,한중엔시에스,26496.9,68,-2.6116215907255045,추세이탈(SMA20)_매도
2025-07-01,Sell,한중엔시에스,25099.7,77,-2.3892581897110654,추세이탈(SMA20)_매도
2025-07-04,Sell,한중엔시에스,24401.1,76,-4.923061037579691,추세이탈(SMA20)_매도
2025-08-20,Sell,한중엔시에스,33582.7,61,32.5420614329015,추세이탈(SMA20)_매도
2025-09-25,Sell,한중엔시에스,35079.7,59,-0.6028596466683921,추세이탈(SMA20)_매도
2025-11-18,Sell,한중엔시에스,45908.0,49,24.535362858427874,추세이탈(SMA20)_매도
2025-12-17,Sell,한중엔시에스,46906.0,46,-9.707391480077703,추세이탈(SMA20)_매도
2024-02-13,Buy,한국카본,10734.97584032385,186,0.0,"스마트_돌파(k=0.45,Vol_OK)"
2024-03-14,Buy,한국카본,10631.083063335482,188,0.0,"스마트_돌파(k=0.49,Vol_OK)"
2024-04-18,Buy,한국카본,10699.231943167215,195,0.0,"스마트_돌파(k=0.63,Vol_OK)"
2024-06-04,Buy,한국카본,11119.396964868025,185,0.0,"스마트_돌파(k=0.38,Vol_OK)"
2024-06-19,Buy,한국카본,10561.092647822812,194,0.0,"스마트_돌파(k=0.42,Vol_OK)"
2024-08-14,Buy,한국카본,12523.1556587339,164,0.0,"스마트_돌파(k=0.53,Vol_OK)"
2024-08-28,Buy,한국카본,12151.663584162323,160,0.0,"스마트_돌파(k=0.54,Vol_OK)"
2024-09-20,Buy,한국카본,11530.696959940225,168,0.0,"스마트_돌파(k=0.51,Vol_OK)"
2024-09-25,Buy,한국카본,11428.218558166302,169,0.0,"스마트_돌파(k=0.53,Vol_OK)"
2024-10-08,Buy,한국카본,11097.146854437851,168,0.0,"스마트_돌파(k=0.60,Vol_OK)"
2024-10-21,Buy,한국카본,11108.031259351545,166,0.0,"스마트_돌파(k=0.58,Vol_OK)"
2024-10-31,Buy,한국카본,10944.092604528765,166,0.0,"스마트_돌파(k=0.55,Vol_OK)"
2024-11-07,Buy,한국카본,11305.713352848876,159,0.0,"스마트_돌파(k=0.51,Vol_OK)"
2024-11-14,Buy,한국카본,10871.841931119487,168,0.0,"스마트_돌파(k=0.47,Vol_OK)"
2024-11-19,Buy,한국카본,10698.308005688388,166,0.0,"스마트_돌파(k=0.48,Vol_OK)"
2024-12-13,Buy,한국카본,10500.780718054695,165,0.0,"스마트_돌파(k=0.46,Vol_OK)"
2024-12-17,Buy,한국카본,10601.114683856533,161,0.0,"스마트_돌파(k=0.45,Vol_OK)"
2025-02-12,Buy,한국카본,13397.630407784713,136,0.0,"스마트_돌파(k=0.55,Vol_OK)"
2025-02-17,Buy,한국카본,13898.701557014587,130,0.0,"스마트_돌파(k=0.49,Vol_OK)"
2025-04-02,Buy,한국카본,15191.104425147905,115,0.0,"스마트_돌파(k=0.51,Vol_OK)"
2025-06-12,Buy,한국카본,22728.870900452854,84,0.0,"스마트_돌파(k=0.55,Vol_OK)"
2025-07-15,Buy,한국카본,24575.99152373978,79,0.0,"스마트_돌파(k=0.59,Vol_OK)"
2025-08-04,Buy,한국카본,30388.928245567393,69,0.0,"스마트_돌파(k=0.59,Vol_OK)"
2025-08-22,Buy,한국카본,30205.042087182825,69,0.0,"스마트_돌파(k=0.57,Vol_OK)"
2025-08-27,Buy,한국카본,31575.976710320043,66,0.0,"스마트_돌파(k=0.61,Vol_OK)"
2025-09-24,Buy,한국카본,33251.52374928594,66,0.0,"스마트_돌파(k=0.52,Vol_OK)"
2025-10-01,Buy,한국카본,33758.25269576574,63,0.0,"스마트_돌파(k=0.52,Vol_OK)"
2025-12-09,Buy,한국카본,29711.03311869428,80,0.0,"스마트_돌파(k=0.45,Vol_OK)"
2024-02-21,Sell,한국카본,10538.88,186,-1.8267003413948553,추세이탈(SMA20)_매도
2024-04-11,Sell,한국카본,10508.94,188,-1.148923986463135,추세이탈(SMA20)_매도
2024-05-17,Sell,한국카본,10968.02,195,2.5122182438940395,추세이탈(SMA20)_매도
2024-06-05,Sell,한국카본,10648.66,185,-4.233475667388517,추세이탈(SMA20)_매도
2024-08-05,Sell,한국카본,10678.6,194,1.1126438910789467,추세이탈(SMA20)_매도
2024-08-26,Sell,한국카본,12075.8,164,-3.5722278866821076,추세이탈(SMA20)_매도
2024-08-29,Sell,한국카본,11686.58,160,-3.827324390122865,추세이탈(SMA20)_매도
2024-09-23,Sell,한국카본,11167.62,168,-3.148785899079832,추세이탈(SMA20)_매도
2024-09-27,Sell,한국카본,10898.16,169,-4.638155592391397,추세이탈(SMA20)_매도
2024-10-18,Sell,한국카본,10778.4,168,-2.8723315877394366,추세이탈(SMA20)_매도
2024-10-22,Sell,한국카본,10828.3,166,-2.518279367606634,추세이탈(SMA20)_매도
2024-11-01,Sell,한국카본,10568.82,166,-3.4289969766289645,추세이탈(SMA20)_매도
2024-11-13,Sell,한국카본,10668.62,159,-5.635145107303969,추세이탈(SMA20)_매도
2024-11-15,Sell,한국카본,10149.66,168,-6.642682405566605,추세이탈(SMA20)_매도
2024-11-29,Sell,한국카본,10608.74,166,-0.8372165546249399,추세이탈(SMA20)_매도
2024-12-16,Sell,한국카본,10359.24,165,-1.3479066162322098,추세이탈(SMA20)_매도
2025-02-10,Sell,한국카본,13093.76,134,23.513049245088244,추세이탈(SMA20)_매도
2025-02-14,Sell,한국카본,13343.26,136,-0.4058210752934367,추세이탈(SMA20)_매도
2025-03-20,Sell,한국카본,14790.36,130,6.4154082259245255,추세이탈(SMA20)_매도
2025-06-09,Sell,한국카본,20758.4,96,36.64839250025688,추세이탈(SMA20)_매도
2025-07-04,Sell,한국카본,22954.0,84,0.9904983865373655,추세이탈(SMA20)_매도
2025-07-31,Sell,한국카본,29940.0,79,21.826213892850365,RSI초과열(85)_익절
2025-08-20,Sell,한국카본,29490.9,69,-2.955116542151763,추세이탈(SMA20)_매도
2025-08-25,Sell,한국카본,29790.3,69,-1.373088923318589,추세이탈(SMA20)_매도
2025-09-22,Sell,한국카본,31886.1,66,0.9821494756125704,추세이탈(SMA20)_매도
2025-09-25,Sell,한국카본,32385.1,66,-2.6056663021481694,추세이탈(SMA20)_매도
2025-11-04,Sell,한국카본,35329.2,63,4.653520780212952,추세이탈(SMA20)_매도
2024-05-08,Buy,삼성전자,81462.6,25,0.0,MACD_골든크로스(추세장)
2024-08-16,Buy,삼성전자,80360.4,25,0.0,MACD_골든크로스(추세장)
2025-03-17,Buy,삼성전자,57715.2,30,0.0,MACD_골든크로스(추세장)
2025-05-12,Buy,삼성전자,57715.2,32,0.0,MACD_골든크로스(추세장)
2025-07-15,Buy,삼성전자,63827.4,30,0.0,MACD_골든크로스(추세장)
2025-09-10,Buy,삼성전자,72745.2,29,0.0,MACD_골든크로스(추세장)
2025-10-30,Buy,삼성전자,104308.2,24,0.0,MACD_골든크로스(추세장)
2025-12-03,Buy,삼성전자,104709.0,22,0.0,MACD_골든크로스(추세장)
2024-05-14,Sell,삼성전자,78143.4,25,-4.074507810946387,MACD_데드크로스
2024-08-19,Sell,삼성전자,78143.4,25,-2.758821509101498,추세이탈(SMA60)_매도
2025-03-21,Sell,삼성전자,61576.6,30,6.690438567309828,RSI_과열_익절
2025-05-19,Sell,삼성전자,55688.4,32,-3.5117265469061807,추세이탈(SMA60)_매도
2025-07-18,Sell,삼성전자,66965.8,30,4.91701056286172,RSI_과열_익절
2025-09-16,Sell,삼성전자,79241.2,29,8.929798804594666,RSI_과열_익절
2025-10-31,Sell,삼성전자,107285.0,24,2.853850416362283,RSI_과열_익절
2025-12-11,Sell,삼성전자,107085.4,22,2.2695279297863546,RSI_과열_익절
